[
  {
    "name": null,
    "position": {
      "start": {
        "line": 1,
        "column": 27
      },
      "end": {
        "line": 1,
        "column": 44
      }
    },
    "source": {
      "name": null,
      "filePath": "file-moduleName",
      "position": {
        "start": {
          "line": 1,
          "column": 27
        },
        "end": {
          "line": 1,
          "column": 44
        }
      }
    }
  },
  {
    "name": "moduleName",
    "position": {
      "start": {
        "line": 2,
        "column": 0
      },
      "end": {
        "line": 2,
        "column": 10
      }
    },
    "source": {
      "name": null,
      "filePath": null,
      "position": {
        "start": {
          "line": 1,
          "column": 6
        },
        "end": {
          "line": 1,
          "column": 16
        }
      }
    }
  }
]