[
  {
    "name": null,
    "position": {
      "start": {
        "line": 1,
        "column": 25
      },
      "end": {
        "line": 1,
        "column": 39
      }
    },
    "source": {
      "name": null,
      "filePath": "some-helpers",
      "position": {
        "start": {
          "line": 1,
          "column": 25
        },
        "end": {
          "line": 1,
          "column": 39
        }
      }
    }
  },
  {
    "name": "Helpers",
    "position": {
      "start": {
        "line": 3,
        "column": 0
      },
      "end": {
        "line": 3,
        "column": 7
      }
    },
    "source": {
      "name": null,
      "filePath": null,
      "position": {
        "start": {
          "line": 1,
          "column": 12
        },
        "end": {
          "line": 1,
          "column": 19
        }
      }
    }
  }
]