[
  {
    "name": "x",
    "position": {
      "start": {
        "line": 3,
        "column": 0
      },
      "end": {
        "line": 3,
        "column": 1
      }
    },
    "source": {
      "name": null,
      "filePath": "file-x",
      "position": {
        "start": {
          "line": 1,
          "column": 7
        },
        "end": {
          "line": 1,
          "column": 8
        }
      }
    }
  },
  {
    "name": "y",
    "position": {
      "start": {
        "line": 4,
        "column": 0
      },
      "end": {
        "line": 4,
        "column": 1
      }
    },
    "source": {
      "name": null,
      "filePath": "file-y",
      "position": {
        "start": {
          "line": 2,
          "column": 7
        },
        "end": {
          "line": 2,
          "column": 8
        }
      }
    }
  }
]