[
  {
    "name": null,
    "position": {
      "start": {
        "line": 1,
        "column": 23
      },
      "end": {
        "line": 1,
        "column": 40
      }
    },
    "source": {
      "name": null,
      "filePath": "file-moduleName",
      "position": {
        "start": {
          "line": 1,
          "column": 23
        },
        "end": {
          "line": 1,
          "column": 40
        }
      }
    }
  },
  {
    "name": "moduleName",
    "position": {
      "start": {
        "line": 2,
        "column": 0
      },
      "end": {
        "line": 2,
        "column": 10
      },
      "identifierName": "moduleName"
    },
    "source": {
      "name": null,
      "filePath": null,
      "position": {
        "start": {
          "line": 1,
          "column": 7
        },
        "end": {
          "line": 1,
          "column": 17
        },
        "identifierName": "moduleName"
      }
    }
  }
]