[
  {
    "name": null,
    "position": {
      "start": {
        "line": 1,
        "column": 26
      },
      "end": {
        "line": 1,
        "column": 34
      }
    },
    "source": {
      "name": null,
      "filePath": "file-x",
      "position": {
        "start": {
          "line": 1,
          "column": 26
        },
        "end": {
          "line": 1,
          "column": 34
        }
      }
    }
  },
  {
    "name": null,
    "position": {
      "start": {
        "line": 2,
        "column": 26
      },
      "end": {
        "line": 2,
        "column": 34
      }
    },
    "source": {
      "name": null,
      "filePath": "file-y",
      "position": {
        "start": {
          "line": 2,
          "column": 26
        },
        "end": {
          "line": 2,
          "column": 34
        }
      }
    }
  },
  {
    "name": null,
    "position": {
      "start": {
        "line": 3,
        "column": 22
      },
      "end": {
        "line": 3,
        "column": 30
      }
    },
    "source": {
      "name": null,
      "filePath": "file-z",
      "position": {
        "start": {
          "line": 3,
          "column": 22
        },
        "end": {
          "line": 3,
          "column": 30
        }
      }
    }
  },
  {
    "name": "xx",
    "position": {
      "start": {
        "line": 4,
        "column": 0
      },
      "end": {
        "line": 4,
        "column": 2
      }
    },
    "source": {
      "name": null,
      "filePath": null,
      "position": {
        "start": {
          "line": 1,
          "column": 11
        },
        "end": {
          "line": 1,
          "column": 13
        }
      }
    }
  },
  {
    "name": "yy",
    "position": {
      "start": {
        "line": 5,
        "column": 0
      },
      "end": {
        "line": 5,
        "column": 2
      }
    },
    "source": {
      "name": null,
      "filePath": null,
      "position": {
        "start": {
          "line": 2,
          "column": 11
        },
        "end": {
          "line": 2,
          "column": 13
        }
      }
    }
  }
]