[
  {
    "name": "anotherName",
    "position": {
      "start": {
        "line": 1,
        "column": 20
      },
      "end": {
        "line": 1,
        "column": 31
      }
    },
    "source": {
      "name": "moduleName",
      "filePath": "file-moduleName",
      "position": {
        "start": {
          "line": 1,
          "column": 44
        },
        "end": {
          "line": 1,
          "column": 61
        }
      }
    }
  },
  {
    "name": "yeahZ",
    "position": {
      "start": {
        "line": 2,
        "column": 8
      },
      "end": {
        "line": 2,
        "column": 13
      }
    },
    "source": {
      "name": "yeahZ",
      "filePath": "z",
      "position": {
        "start": {
          "line": 2,
          "column": 26
        },
        "end": {
          "line": 2,
          "column": 29
        }
      }
    }
  },
  {
    "name": "anotherName",
    "position": {
      "start": {
        "line": 3,
        "column": 0
      },
      "end": {
        "line": 3,
        "column": 11
      }
    },
    "source": {
      "name": null,
      "filePath": null,
      "position": {
        "start": {
          "line": 1,
          "column": 20
        },
        "end": {
          "line": 1,
          "column": 31
        }
      }
    }
  }
]